../Core/Src/bno055.c:19:6:bno055_setPage	16	static
../Core/Src/bno055.c:40:17:bno055_getOperationMode	16	static
../Core/Src/bno055.c:64:6:bno055_setOperationMode	16	static
../Core/Src/bno055.c:76:6:bno055_setOperationModeConfig	8	static
../Core/Src/bno055.c:85:6:bno055_setOperationModeNDOF	8	static
../Core/Src/bno055.c:96:6:bno055_setExternalCrystalUse	24	static
../Core/Src/bno055.c:108:6:bno055_enableExternalCrystal	8	static
../Core/Src/bno055.c:113:6:bno055_disableExternalCrystal	8	static
../Core/Src/bno055.c:122:6:bno055_reset	8	static
../Core/Src/bno055.c:132:8:bno055_getTemp	16	static
../Core/Src/bno055.c:143:6:bno055_setup	16	static
../Core/Src/bno055.c:165:9:bno055_getSWRevision	16	static
../Core/Src/bno055.c:178:9:bno055_getBootloaderRevision	16	static
../Core/Src/bno055.c:197:9:bno055_getSystemStatus	16	static
../Core/Src/bno055.c:209:27:bno055_getSelfTestResult	24	static
../Core/Src/bno055.c:238:9:bno055_getSystemError	16	static
../Core/Src/bno055.c:245:28:bno055_getCalibrationState	24	static
../Core/Src/bno055.c:258:27:bno055_getCalibrationData	72	static
../Core/Src/bno055.c:279:6:bno055_setCalibrationData	32	static
../Core/Src/bno055.c:313:17:bno055_getVector	144	static
../Core/Src/bno055.c:356:17:bno055_getVectorAccelerometer	88	static
../Core/Src/bno055.c:364:17:bno055_getVectorMagnetometer	88	static
../Core/Src/bno055.c:372:17:bno055_getVectorGyroscope	88	static
../Core/Src/bno055.c:380:17:bno055_getVectorEuler	88	static
../Core/Src/bno055.c:389:17:bno055_getVectorLinearAccel	88	static
../Core/Src/bno055.c:397:17:bno055_getVectorGravity	88	static
../Core/Src/bno055.c:405:17:bno055_getVectorQuaternion	88	static
../Core/Src/bno055.c:426:6:bno055_setAxisMap	24	static
../Core/Src/bno055.c:441:9:bno055_getUnitSelection	16	static
../Core/Src/bno055.c:467:6:bno055_printUnits	16	static
