../Core/Src/bno055.c:11:6:bno055_setPage	16	static
../Core/Src/bno055.c:32:17:bno055_getOperationMode	16	static
../Core/Src/bno055.c:56:6:bno055_setOperationMode	16	static
../Core/Src/bno055.c:68:6:bno055_setOperationModeConfig	8	static
../Core/Src/bno055.c:77:6:bno055_setOperationModeNDOF	8	static
../Core/Src/bno055.c:81:6:bno055_setExternalCrystalUse	24	static
../Core/Src/bno055.c:90:6:bno055_enableExternalCrystal	8	static
../Core/Src/bno055.c:91:6:bno055_disableExternalCrystal	8	static
../Core/Src/bno055.c:93:6:bno055_reset	8	static
../Core/Src/bno055.c:103:8:bno055_getTemp	16	static
../Core/Src/bno055.c:114:6:bno055_setup	16	static
../Core/Src/bno055.c:130:9:bno055_getSWRevision	16	static
../Core/Src/bno055.c:137:9:bno055_getBootloaderRevision	16	static
../Core/Src/bno055.c:145:9:bno055_getSystemStatus	16	static
../Core/Src/bno055.c:152:27:bno055_getSelfTestResult	24	static
../Core/Src/bno055.c:181:9:bno055_getSystemError	16	static
../Core/Src/bno055.c:188:28:bno055_getCalibrationState	24	static
../Core/Src/bno055.c:201:27:bno055_getCalibrationData	72	static
../Core/Src/bno055.c:222:6:bno055_setCalibrationData	32	static
../Core/Src/bno055.c:256:17:bno055_getVector	144	static
../Core/Src/bno055.c:299:17:bno055_getVectorAccelerometer	88	static
../Core/Src/bno055.c:307:17:bno055_getVectorMagnetometer	88	static
../Core/Src/bno055.c:315:17:bno055_getVectorGyroscope	88	static
../Core/Src/bno055.c:323:17:bno055_getVectorEuler	88	static
../Core/Src/bno055.c:332:17:bno055_getVectorLinearAccel	88	static
../Core/Src/bno055.c:340:17:bno055_getVectorGravity	88	static
../Core/Src/bno055.c:348:17:bno055_getVectorQuaternion	88	static
../Core/Src/bno055.c:352:6:bno055_setAxisMap	24	static
