../Core/Src/bno055.c:20:6:bno055_setPage	16	static
../Core/Src/bno055.c:42:17:bno055_getOperationMode	16	static
../Core/Src/bno055.c:66:6:bno055_setOperationMode	16	static
../Core/Src/bno055.c:78:6:bno055_setOperationModeConfig	8	static
../Core/Src/bno055.c:87:6:bno055_setOperationModeNDOF	8	static
../Core/Src/bno055.c:98:6:bno055_setExternalCrystalUse	24	static
../Core/Src/bno055.c:110:6:bno055_enableExternalCrystal	8	static
../Core/Src/bno055.c:117:6:bno055_disableExternalCrystal	8	static
../Core/Src/bno055.c:128:6:bno055_reset	8	static
../Core/Src/bno055.c:138:8:bno055_getTemp	16	static
../Core/Src/bno055.c:149:6:bno055_setup	16	static
../Core/Src/bno055.c:172:9:bno055_getSWRevision	16	static
../Core/Src/bno055.c:185:9:bno055_getBootloaderRevision	16	static
../Core/Src/bno055.c:204:9:bno055_getSystemStatus	16	static
../Core/Src/bno055.c:216:27:bno055_getSelfTestResult	24	static
../Core/Src/bno055.c:245:9:bno055_getSystemError	16	static
../Core/Src/bno055.c:252:28:bno055_getCalibrationState	24	static
../Core/Src/bno055.c:265:27:bno055_getCalibrationData	72	static
../Core/Src/bno055.c:286:6:bno055_setCalibrationData	32	static
../Core/Src/bno055.c:320:17:bno055_getVector	144	static
../Core/Src/bno055.c:364:17:bno055_getVectorAccelerometer	88	static
../Core/Src/bno055.c:372:17:bno055_getVectorMagnetometer	88	static
../Core/Src/bno055.c:380:17:bno055_getVectorGyroscope	88	static
../Core/Src/bno055.c:388:17:bno055_getVectorEuler	88	static
../Core/Src/bno055.c:397:17:bno055_getVectorLinearAccel	88	static
../Core/Src/bno055.c:405:17:bno055_getVectorGravity	88	static
../Core/Src/bno055.c:413:17:bno055_getVectorQuaternion	88	static
../Core/Src/bno055.c:434:6:bno055_setAxisMap	24	static
../Core/Src/bno055.c:450:9:bno055_getUnitSelection	16	static
../Core/Src/bno055.c:476:6:bno055_printUnits	16	static
../Core/Src/bno055.c:509:6:bno055_runCalibration	48	static
