../Core/Src/bno055.c:19:6:bno055_setPage	16	static
../Core/Src/bno055.c:40:17:bno055_getOperationMode	16	static
../Core/Src/bno055.c:64:6:bno055_setOperationMode	16	static
../Core/Src/bno055.c:76:6:bno055_setOperationModeConfig	8	static
../Core/Src/bno055.c:85:6:bno055_setOperationModeNDOF	8	static
../Core/Src/bno055.c:96:6:bno055_setExternalCrystalUse	24	static
../Core/Src/bno055.c:108:6:bno055_enableExternalCrystal	8	static
../Core/Src/bno055.c:113:6:bno055_disableExternalCrystal	8	static
../Core/Src/bno055.c:122:6:bno055_reset	8	static
../Core/Src/bno055.c:132:8:bno055_getTemp	16	static
../Core/Src/bno055.c:143:6:bno055_setup	16	static
../Core/Src/bno055.c:165:9:bno055_getSWRevision	16	static
../Core/Src/bno055.c:178:9:bno055_getBootloaderRevision	16	static
../Core/Src/bno055.c:197:9:bno055_getSystemStatus	16	static
../Core/Src/bno055.c:204:27:bno055_getSelfTestResult	24	static
../Core/Src/bno055.c:233:9:bno055_getSystemError	16	static
../Core/Src/bno055.c:240:28:bno055_getCalibrationState	24	static
../Core/Src/bno055.c:253:27:bno055_getCalibrationData	72	static
../Core/Src/bno055.c:274:6:bno055_setCalibrationData	32	static
../Core/Src/bno055.c:308:17:bno055_getVector	144	static
../Core/Src/bno055.c:351:17:bno055_getVectorAccelerometer	88	static
../Core/Src/bno055.c:359:17:bno055_getVectorMagnetometer	88	static
../Core/Src/bno055.c:367:17:bno055_getVectorGyroscope	88	static
../Core/Src/bno055.c:375:17:bno055_getVectorEuler	88	static
../Core/Src/bno055.c:384:17:bno055_getVectorLinearAccel	88	static
../Core/Src/bno055.c:392:17:bno055_getVectorGravity	88	static
../Core/Src/bno055.c:400:17:bno055_getVectorQuaternion	88	static
../Core/Src/bno055.c:421:6:bno055_setAxisMap	24	static
