../Drivers/CMSIS/Include/core_cm4.h:2064:26:ITM_SendChar	16	static,ignoring_inline_asm
../Core/Inc/bno055_stm32.h:22:6:bno055_assignI2C	16	static
../Core/Inc/bno055_stm32.h:26:6:bno055_delay	16	static
../Core/Inc/bno055_stm32.h:34:6:bno055_writeData	40	static
../Core/Inc/bno055_stm32.h:98:6:bno055_readData	24	static
../Core/Src/main.c:70:5:main	64	static
../Core/Src/main.c:160:6:SystemClock_Config	88	static
../Core/Src/main.c:211:13:MX_I2C1_Init	8	static
../Core/Src/main.c:243:13:MX_USART2_UART_Init	8	static
../Core/Src/main.c:274:13:MX_GPIO_Init	48	static
../Core/Src/main.c:308:5:__io_putchar	16	static
../Core/Src/main.c:319:6:Error_Handler	4	static,ignoring_inline_asm
